{'figure smth out': 1, 'consist of': 1, 'elude': 1, 'expel': 1, 'amateur': 1, 'in summation': 1, 'rupture': 1, 'amuse': 1, 'spare': 1, 'sugar-coat': 1, 'respite': 1, 'pout': 1, 'trample': 1, 'insist on': 1, 'warp': 1, 'wherever': 1, 'releive': 1}